Archive member included because of file (symbol)

c:/program files (x86)/atmel/atmel toolchain/avr8 gcc/native/3.4.2.1002/avr8-gnu-toolchain/bin/../lib/gcc/avr/4.7.2/avr51\libgcc.a(_udivmodsi4.o)
                              CS122A_Final_Project.o (__udivmodsi4)
c:/program files (x86)/atmel/atmel toolchain/avr8 gcc/native/3.4.2.1002/avr8-gnu-toolchain/bin/../lib/gcc/avr/4.7.2/avr51\libgcc.a(_exit.o)
                              c:/program files (x86)/atmel/atmel toolchain/avr8 gcc/native/3.4.2.1002/avr8-gnu-toolchain/bin/../lib/gcc/avr/4.7.2/../../../../avr/lib/avr51/crtm1284.o (exit)
c:/program files (x86)/atmel/atmel toolchain/avr8 gcc/native/3.4.2.1002/avr8-gnu-toolchain/bin/../lib/gcc/avr/4.7.2/avr51\libgcc.a(_copy_data.o)
                              CS122A_Final_Project.o (__do_copy_data)
c:/program files (x86)/atmel/atmel toolchain/avr8 gcc/native/3.4.2.1002/avr8-gnu-toolchain/bin/../lib/gcc/avr/4.7.2/avr51\libgcc.a(_clear_bss.o)
                              croutine.o (__do_clear_bss)
c:/program files (x86)/atmel/atmel toolchain/avr8 gcc/native/3.4.2.1002/avr8-gnu-toolchain/bin/../lib/gcc/avr/4.7.2/../../../../avr/lib/avr51\libc.a(memcpy.o)
                              queue.o (memcpy)
c:/program files (x86)/atmel/atmel toolchain/avr8 gcc/native/3.4.2.1002/avr8-gnu-toolchain/bin/../lib/gcc/avr/4.7.2/../../../../avr/lib/avr51\libc.a(memset.o)
                              tasks.o (memset)
c:/program files (x86)/atmel/atmel toolchain/avr8 gcc/native/3.4.2.1002/avr8-gnu-toolchain/bin/../lib/gcc/avr/4.7.2/../../../../avr/lib/avr51\libc.a(strncpy.o)
                              tasks.o (strncpy)

Allocating common symbols
Common symbol       size              file

control             0x1               CS122A_Final_Project.o
timer_state         0x1               CS122A_Final_Project.o
control_state       0x1               CS122A_Final_Project.o
RC_state            0x1               CS122A_Final_Project.o
data                0x1               CS122A_Final_Project.o
A_D_State           0x1               CS122A_Final_Project.o

Discarded input sections

 .bss           0x00000000        0x0 c:/program files (x86)/atmel/atmel toolchain/avr8 gcc/native/3.4.2.1002/avr8-gnu-toolchain/bin/../lib/gcc/avr/4.7.2/../../../../avr/lib/avr51/crtm1284.o
 .text          0x00000000        0x0 croutine.o
 .bss           0x00000000        0x0 croutine.o
 .text.xCoRoutineCreate
                0x00000000       0xf4 croutine.o
 .text.vCoRoutineAddToDelayedList
                0x00000000       0x86 croutine.o
 .text.vCoRoutineSchedule
                0x00000000      0x26e croutine.o
 .text.xCoRoutineRemoveFromEventList
                0x00000000       0x4a croutine.o
 .bss.pxCurrentCoRoutine
                0x00000000        0x2 croutine.o
 .bss.uxTopCoRoutineReadyPriority
                0x00000000        0x1 croutine.o
 .bss.pxReadyCoRoutineLists
                0x00000000       0x12 croutine.o
 .bss.xDelayedCoRoutineList1
                0x00000000        0x9 croutine.o
 .bss.xDelayedCoRoutineList2
                0x00000000        0x9 croutine.o
 .bss.xPendingReadyCoRoutineList
                0x00000000        0x9 croutine.o
 .bss.pxDelayedCoRoutineList
                0x00000000        0x2 croutine.o
 .bss.pxOverflowDelayedCoRoutineList
                0x00000000        0x2 croutine.o
 .bss.xCoRoutineTickCount
                0x00000000        0x2 croutine.o
 .bss.xLastTickCount
                0x00000000        0x2 croutine.o
 .bss.xPassedTicks
                0x00000000        0x2 croutine.o
 .text          0x00000000        0x0 CS122A_Final_Project.o
 .bss           0x00000000        0x0 CS122A_Final_Project.o
 .text.USART_IsSendReady
                0x00000000       0x14 CS122A_Final_Project.o
 .text.USART_HasTransmitted
                0x00000000       0x14 CS122A_Final_Project.o
 .text.USART_Send
                0x00000000       0x24 CS122A_Final_Project.o
 .text.SetBit   0x00000000       0x30 CS122A_Final_Project.o
 .text.GetBit   0x00000000       0x10 CS122A_Final_Project.o
 .text.stop_timer
                0x00000000        0xa CS122A_Final_Project.o
 .bss.dir       0x00000000        0x1 CS122A_Final_Project.o
 .text          0x00000000        0x0 heap_1.o
 .bss           0x00000000        0x0 heap_1.o
 .text.vPortInitialiseBlocks
                0x00000000        0xa heap_1.o
 .text.xPortGetFreeHeapSize
                0x00000000       0x16 heap_1.o
 .text          0x00000000        0x0 io.o
 .bss           0x00000000        0x0 io.o
 .text.delay_ms
                0x00000000       0x28 io.o
 .text.LCD_WriteData
                0x00000000       0x14 io.o
 .text.LCD_WriteCommand
                0x00000000       0x14 io.o
 .text.LCD_Cursor
                0x00000000       0x14 io.o
 .text.LCD_ClearScreen
                0x00000000        0x8 io.o
 .text.LCD_DisplayString
                0x00000000       0x34 io.o
 .text.LCD_init
                0x00000000       0x2a io.o
 .text          0x00000000        0x0 list.o
 .bss           0x00000000        0x0 list.o
 .text          0x00000000        0x0 port.o
 .bss           0x00000000        0x0 port.o
 .text.vPortEndScheduler
                0x00000000        0x2 port.o
 .text          0x00000000        0x0 queue.o
 .bss           0x00000000        0x0 queue.o
 .text.prvIsQueueFull
                0x00000000       0x18 queue.o
 .text.prvCopyDataToQueue
                0x00000000       0x82 queue.o
 .text.prvCopyDataFromQueue
                0x00000000       0x3e queue.o
 .text.prvUnlockQueue
                0x00000000       0x94 queue.o
 .text.xQueueGenericReset
                0x00000000       0x88 queue.o
 .text.xQueueGenericCreate
                0x00000000       0x64 queue.o
 .text.xQueueGenericSend
                0x00000000      0x12a queue.o
 .text.xQueueGenericSendFromISR
                0x00000000       0x58 queue.o
 .text.xQueueGenericReceive
                0x00000000      0x158 queue.o
 .text.xQueueReceiveFromISR
                0x00000000       0x5a queue.o
 .text.uxQueueMessagesWaiting
                0x00000000       0x10 queue.o
 .text.uxQueueMessagesWaitingFromISR
                0x00000000        0x6 queue.o
 .text.vQueueDelete
                0x00000000       0x1a queue.o
 .text.xQueueIsQueueEmptyFromISR
                0x00000000        0xc queue.o
 .text.xQueueIsQueueFullFromISR
                0x00000000        0xe queue.o
 .text.xQueueCRSend
                0x00000000       0x82 queue.o
 .text.xQueueCRReceive
                0x00000000       0x94 queue.o
 .text.xQueueCRSendFromISR
                0x00000000       0x3e queue.o
 .text.xQueueCRReceiveFromISR
                0x00000000       0x80 queue.o
 .text          0x00000000        0x0 tasks.o
 .bss           0x00000000        0x0 tasks.o
 .text.vTaskDelete
                0x00000000       0x98 tasks.o
 .text.vTaskEndScheduler
                0x00000000        0xc tasks.o
 .text.xTaskGetTickCount
                0x00000000       0x18 tasks.o
 .text.xTaskGetTickCountFromISR
                0x00000000        0xe tasks.o
 .text.uxTaskGetNumberOfTasks
                0x00000000        0x6 tasks.o
 .text.vTaskDelayUntil
                0x00000000       0x94 tasks.o
 .text.vTaskPlaceOnEventList
                0x00000000       0x3a tasks.o
 .text.xTaskRemoveFromEventList
                0x00000000       0x8c tasks.o
 .text.vTaskSetTimeOutState
                0x00000000       0x16 tasks.o
 .text.xTaskCheckForTimeOut
                0x00000000       0x74 tasks.o
 .text.vTaskMissedYield
                0x00000000        0x8 tasks.o
 .text          0x00000000        0x0 timers.o
 .bss           0x00000000        0x0 timers.o
 .text          0x00000000        0x0 c:/program files (x86)/atmel/atmel toolchain/avr8 gcc/native/3.4.2.1002/avr8-gnu-toolchain/bin/../lib/gcc/avr/4.7.2/avr51\libgcc.a(_udivmodsi4.o)
 .bss           0x00000000        0x0 c:/program files (x86)/atmel/atmel toolchain/avr8 gcc/native/3.4.2.1002/avr8-gnu-toolchain/bin/../lib/gcc/avr/4.7.2/avr51\libgcc.a(_udivmodsi4.o)
 .text.libgcc.mul
                0x00000000        0x0 c:/program files (x86)/atmel/atmel toolchain/avr8 gcc/native/3.4.2.1002/avr8-gnu-toolchain/bin/../lib/gcc/avr/4.7.2/avr51\libgcc.a(_udivmodsi4.o)
 .text.libgcc   0x00000000        0x0 c:/program files (x86)/atmel/atmel toolchain/avr8 gcc/native/3.4.2.1002/avr8-gnu-toolchain/bin/../lib/gcc/avr/4.7.2/avr51\libgcc.a(_udivmodsi4.o)
 .text.libgcc.prologue
                0x00000000        0x0 c:/program files (x86)/atmel/atmel toolchain/avr8 gcc/native/3.4.2.1002/avr8-gnu-toolchain/bin/../lib/gcc/avr/4.7.2/avr51\libgcc.a(_udivmodsi4.o)
 .text.libgcc.builtins
                0x00000000        0x0 c:/program files (x86)/atmel/atmel toolchain/avr8 gcc/native/3.4.2.1002/avr8-gnu-toolchain/bin/../lib/gcc/avr/4.7.2/avr51\libgcc.a(_udivmodsi4.o)
 .text.libgcc.fmul
                0x00000000        0x0 c:/program files (x86)/atmel/atmel toolchain/avr8 gcc/native/3.4.2.1002/avr8-gnu-toolchain/bin/../lib/gcc/avr/4.7.2/avr51\libgcc.a(_udivmodsi4.o)
 .text          0x00000000        0x0 c:/program files (x86)/atmel/atmel toolchain/avr8 gcc/native/3.4.2.1002/avr8-gnu-toolchain/bin/../lib/gcc/avr/4.7.2/avr51\libgcc.a(_exit.o)
 .bss           0x00000000        0x0 c:/program files (x86)/atmel/atmel toolchain/avr8 gcc/native/3.4.2.1002/avr8-gnu-toolchain/bin/../lib/gcc/avr/4.7.2/avr51\libgcc.a(_exit.o)
 .text.libgcc.mul
                0x00000000        0x0 c:/program files (x86)/atmel/atmel toolchain/avr8 gcc/native/3.4.2.1002/avr8-gnu-toolchain/bin/../lib/gcc/avr/4.7.2/avr51\libgcc.a(_exit.o)
 .text.libgcc.div
                0x00000000        0x0 c:/program files (x86)/atmel/atmel toolchain/avr8 gcc/native/3.4.2.1002/avr8-gnu-toolchain/bin/../lib/gcc/avr/4.7.2/avr51\libgcc.a(_exit.o)
 .text.libgcc   0x00000000        0x0 c:/program files (x86)/atmel/atmel toolchain/avr8 gcc/native/3.4.2.1002/avr8-gnu-toolchain/bin/../lib/gcc/avr/4.7.2/avr51\libgcc.a(_exit.o)
 .text.libgcc.prologue
                0x00000000        0x0 c:/program files (x86)/atmel/atmel toolchain/avr8 gcc/native/3.4.2.1002/avr8-gnu-toolchain/bin/../lib/gcc/avr/4.7.2/avr51\libgcc.a(_exit.o)
 .text.libgcc.builtins
                0x00000000        0x0 c:/program files (x86)/atmel/atmel toolchain/avr8 gcc/native/3.4.2.1002/avr8-gnu-toolchain/bin/../lib/gcc/avr/4.7.2/avr51\libgcc.a(_exit.o)
 .text.libgcc.fmul
                0x00000000        0x0 c:/program files (x86)/atmel/atmel toolchain/avr8 gcc/native/3.4.2.1002/avr8-gnu-toolchain/bin/../lib/gcc/avr/4.7.2/avr51\libgcc.a(_exit.o)
 .text          0x00000000        0x0 c:/program files (x86)/atmel/atmel toolchain/avr8 gcc/native/3.4.2.1002/avr8-gnu-toolchain/bin/../lib/gcc/avr/4.7.2/avr51\libgcc.a(_copy_data.o)
 .bss           0x00000000        0x0 c:/program files (x86)/atmel/atmel toolchain/avr8 gcc/native/3.4.2.1002/avr8-gnu-toolchain/bin/../lib/gcc/avr/4.7.2/avr51\libgcc.a(_copy_data.o)
 .text.libgcc.mul
                0x00000000        0x0 c:/program files (x86)/atmel/atmel toolchain/avr8 gcc/native/3.4.2.1002/avr8-gnu-toolchain/bin/../lib/gcc/avr/4.7.2/avr51\libgcc.a(_copy_data.o)
 .text.libgcc.div
                0x00000000        0x0 c:/program files (x86)/atmel/atmel toolchain/avr8 gcc/native/3.4.2.1002/avr8-gnu-toolchain/bin/../lib/gcc/avr/4.7.2/avr51\libgcc.a(_copy_data.o)
 .text.libgcc   0x00000000        0x0 c:/program files (x86)/atmel/atmel toolchain/avr8 gcc/native/3.4.2.1002/avr8-gnu-toolchain/bin/../lib/gcc/avr/4.7.2/avr51\libgcc.a(_copy_data.o)
 .text.libgcc.prologue
                0x00000000        0x0 c:/program files (x86)/atmel/atmel toolchain/avr8 gcc/native/3.4.2.1002/avr8-gnu-toolchain/bin/../lib/gcc/avr/4.7.2/avr51\libgcc.a(_copy_data.o)
 .text.libgcc.builtins
                0x00000000        0x0 c:/program files (x86)/atmel/atmel toolchain/avr8 gcc/native/3.4.2.1002/avr8-gnu-toolchain/bin/../lib/gcc/avr/4.7.2/avr51\libgcc.a(_copy_data.o)
 .text.libgcc.fmul
                0x00000000        0x0 c:/program files (x86)/atmel/atmel toolchain/avr8 gcc/native/3.4.2.1002/avr8-gnu-toolchain/bin/../lib/gcc/avr/4.7.2/avr51\libgcc.a(_copy_data.o)
 .text          0x00000000        0x0 c:/program files (x86)/atmel/atmel toolchain/avr8 gcc/native/3.4.2.1002/avr8-gnu-toolchain/bin/../lib/gcc/avr/4.7.2/avr51\libgcc.a(_clear_bss.o)
 .bss           0x00000000        0x0 c:/program files (x86)/atmel/atmel toolchain/avr8 gcc/native/3.4.2.1002/avr8-gnu-toolchain/bin/../lib/gcc/avr/4.7.2/avr51\libgcc.a(_clear_bss.o)
 .text.libgcc.mul
                0x00000000        0x0 c:/program files (x86)/atmel/atmel toolchain/avr8 gcc/native/3.4.2.1002/avr8-gnu-toolchain/bin/../lib/gcc/avr/4.7.2/avr51\libgcc.a(_clear_bss.o)
 .text.libgcc.div
                0x00000000        0x0 c:/program files (x86)/atmel/atmel toolchain/avr8 gcc/native/3.4.2.1002/avr8-gnu-toolchain/bin/../lib/gcc/avr/4.7.2/avr51\libgcc.a(_clear_bss.o)
 .text.libgcc   0x00000000        0x0 c:/program files (x86)/atmel/atmel toolchain/avr8 gcc/native/3.4.2.1002/avr8-gnu-toolchain/bin/../lib/gcc/avr/4.7.2/avr51\libgcc.a(_clear_bss.o)
 .text.libgcc.prologue
                0x00000000        0x0 c:/program files (x86)/atmel/atmel toolchain/avr8 gcc/native/3.4.2.1002/avr8-gnu-toolchain/bin/../lib/gcc/avr/4.7.2/avr51\libgcc.a(_clear_bss.o)
 .text.libgcc.builtins
                0x00000000        0x0 c:/program files (x86)/atmel/atmel toolchain/avr8 gcc/native/3.4.2.1002/avr8-gnu-toolchain/bin/../lib/gcc/avr/4.7.2/avr51\libgcc.a(_clear_bss.o)
 .text.libgcc.fmul
                0x00000000        0x0 c:/program files (x86)/atmel/atmel toolchain/avr8 gcc/native/3.4.2.1002/avr8-gnu-toolchain/bin/../lib/gcc/avr/4.7.2/avr51\libgcc.a(_clear_bss.o)
 .text          0x00000000        0x0 c:/program files (x86)/atmel/atmel toolchain/avr8 gcc/native/3.4.2.1002/avr8-gnu-toolchain/bin/../lib/gcc/avr/4.7.2/../../../../avr/lib/avr51\libc.a(memcpy.o)
 .bss           0x00000000        0x0 c:/program files (x86)/atmel/atmel toolchain/avr8 gcc/native/3.4.2.1002/avr8-gnu-toolchain/bin/../lib/gcc/avr/4.7.2/../../../../avr/lib/avr51\libc.a(memcpy.o)
 .text.avr-libc
                0x00000000       0x12 c:/program files (x86)/atmel/atmel toolchain/avr8 gcc/native/3.4.2.1002/avr8-gnu-toolchain/bin/../lib/gcc/avr/4.7.2/../../../../avr/lib/avr51\libc.a(memcpy.o)
 .text          0x00000000        0x0 c:/program files (x86)/atmel/atmel toolchain/avr8 gcc/native/3.4.2.1002/avr8-gnu-toolchain/bin/../lib/gcc/avr/4.7.2/../../../../avr/lib/avr51\libc.a(memset.o)
 .bss           0x00000000        0x0 c:/program files (x86)/atmel/atmel toolchain/avr8 gcc/native/3.4.2.1002/avr8-gnu-toolchain/bin/../lib/gcc/avr/4.7.2/../../../../avr/lib/avr51\libc.a(memset.o)
 .text          0x00000000        0x0 c:/program files (x86)/atmel/atmel toolchain/avr8 gcc/native/3.4.2.1002/avr8-gnu-toolchain/bin/../lib/gcc/avr/4.7.2/../../../../avr/lib/avr51\libc.a(strncpy.o)
 .bss           0x00000000        0x0 c:/program files (x86)/atmel/atmel toolchain/avr8 gcc/native/3.4.2.1002/avr8-gnu-toolchain/bin/../lib/gcc/avr/4.7.2/../../../../avr/lib/avr51\libc.a(strncpy.o)

Memory Configuration

Name             Origin             Length             Attributes
text             0x00000000         0x00020000         xr
data             0x00800100         0x0000ff00         rw !x
eeprom           0x00810000         0x00010000         rw !x
fuse             0x00820000         0x00000400         rw !x
lock             0x00830000         0x00000400         rw !x
signature        0x00840000         0x00000400         rw !x
user_signatures  0x00850000         0x00000400         rw !x
*default*        0x00000000         0xffffffff

Linker script and memory map

Address of section .data set to 0x800100
LOAD c:/program files (x86)/atmel/atmel toolchain/avr8 gcc/native/3.4.2.1002/avr8-gnu-toolchain/bin/../lib/gcc/avr/4.7.2/../../../../avr/lib/avr51/crtm1284.o
LOAD croutine.o
LOAD CS122A_Final_Project.o
LOAD heap_1.o
LOAD io.o
LOAD list.o
LOAD port.o
LOAD queue.o
LOAD tasks.o
LOAD timers.o
START GROUP
LOAD c:/program files (x86)/atmel/atmel toolchain/avr8 gcc/native/3.4.2.1002/avr8-gnu-toolchain/bin/../lib/gcc/avr/4.7.2/../../../../avr/lib/avr51\libm.a
END GROUP
LOAD c:/program files (x86)/atmel/atmel toolchain/avr8 gcc/native/3.4.2.1002/avr8-gnu-toolchain/bin/../lib/gcc/avr/4.7.2/avr51\libgcc.a
LOAD c:/program files (x86)/atmel/atmel toolchain/avr8 gcc/native/3.4.2.1002/avr8-gnu-toolchain/bin/../lib/gcc/avr/4.7.2/../../../../avr/lib/avr51\libc.a
LOAD c:/program files (x86)/atmel/atmel toolchain/avr8 gcc/native/3.4.2.1002/avr8-gnu-toolchain/bin/../lib/gcc/avr/4.7.2/avr51\libgcc.a

.hash
 *(.hash)

.dynsym
 *(.dynsym)

.dynstr
 *(.dynstr)

.gnu.version
 *(.gnu.version)

.gnu.version_d
 *(.gnu.version_d)

.gnu.version_r
 *(.gnu.version_r)

.rel.init
 *(.rel.init)

.rela.init
 *(.rela.init)

.rel.text
 *(.rel.text)
 *(.rel.text.*)
 *(.rel.gnu.linkonce.t*)

.rela.text
 *(.rela.text)
 *(.rela.text.*)
 *(.rela.gnu.linkonce.t*)

.rel.fini
 *(.rel.fini)

.rela.fini
 *(.rela.fini)

.rel.rodata
 *(.rel.rodata)
 *(.rel.rodata.*)
 *(.rel.gnu.linkonce.r*)

.rela.rodata
 *(.rela.rodata)
 *(.rela.rodata.*)
 *(.rela.gnu.linkonce.r*)

.rel.data
 *(.rel.data)
 *(.rel.data.*)
 *(.rel.gnu.linkonce.d*)

.rela.data
 *(.rela.data)
 *(.rela.data.*)
 *(.rela.gnu.linkonce.d*)

.rel.ctors
 *(.rel.ctors)

.rela.ctors
 *(.rela.ctors)

.rel.dtors
 *(.rel.dtors)

.rela.dtors
 *(.rela.dtors)

.rel.got
 *(.rel.got)

.rela.got
 *(.rela.got)

.rel.bss
 *(.rel.bss)

.rela.bss
 *(.rela.bss)

.rel.plt
 *(.rel.plt)

.rela.plt
 *(.rela.plt)

.text           0x00000000     0x1282
 *(.vectors)
 .vectors       0x00000000       0x8c c:/program files (x86)/atmel/atmel toolchain/avr8 gcc/native/3.4.2.1002/avr8-gnu-toolchain/bin/../lib/gcc/avr/4.7.2/../../../../avr/lib/avr51/crtm1284.o
                0x00000000                __vector_default
                0x00000000                __vectors
 *(.vectors)
 *(.progmem.gcc*)
 *(.progmem*)
                0x0000008c                . = ALIGN (0x2)
                0x0000008c                __trampolines_start = .
 *(.trampolines)
 .trampolines   0x0000008c        0x0 linker stubs
 *(.trampolines*)
                0x0000008c                __trampolines_end = .
 *(.jumptables)
 *(.jumptables*)
 *(.lowtext)
 *(.lowtext*)
                0x0000008c                __ctors_start = .
 *(.ctors)
                0x0000008c                __ctors_end = .
                0x0000008c                __dtors_start = .
 *(.dtors)
                0x0000008c                __dtors_end = .
 SORT(*)(.ctors)
 SORT(*)(.dtors)
 *(.init0)
 .init0         0x0000008c        0x0 c:/program files (x86)/atmel/atmel toolchain/avr8 gcc/native/3.4.2.1002/avr8-gnu-toolchain/bin/../lib/gcc/avr/4.7.2/../../../../avr/lib/avr51/crtm1284.o
                0x0000008c                __init
 *(.init0)
 *(.init1)
 *(.init1)
 *(.init2)
 .init2         0x0000008c        0xc c:/program files (x86)/atmel/atmel toolchain/avr8 gcc/native/3.4.2.1002/avr8-gnu-toolchain/bin/../lib/gcc/avr/4.7.2/../../../../avr/lib/avr51/crtm1284.o
 *(.init2)
 *(.init3)
 *(.init3)
 *(.init4)
 .init4         0x00000098       0x1a c:/program files (x86)/atmel/atmel toolchain/avr8 gcc/native/3.4.2.1002/avr8-gnu-toolchain/bin/../lib/gcc/avr/4.7.2/avr51\libgcc.a(_copy_data.o)
                0x00000098                __do_copy_data
 .init4         0x000000b2       0x10 c:/program files (x86)/atmel/atmel toolchain/avr8 gcc/native/3.4.2.1002/avr8-gnu-toolchain/bin/../lib/gcc/avr/4.7.2/avr51\libgcc.a(_clear_bss.o)
                0x000000b2                __do_clear_bss
 *(.init4)
 *(.init5)
 *(.init5)
 *(.init6)
 *(.init6)
 *(.init7)
 *(.init7)
 *(.init8)
 *(.init8)
 *(.init9)
 .init9         0x000000c2        0x6 c:/program files (x86)/atmel/atmel toolchain/avr8 gcc/native/3.4.2.1002/avr8-gnu-toolchain/bin/../lib/gcc/avr/4.7.2/../../../../avr/lib/avr51/crtm1284.o
 *(.init9)
 *(.text)
 .text          0x000000c8        0x2 c:/program files (x86)/atmel/atmel toolchain/avr8 gcc/native/3.4.2.1002/avr8-gnu-toolchain/bin/../lib/gcc/avr/4.7.2/../../../../avr/lib/avr51/crtm1284.o
                0x000000c8                __vector_22
                0x000000c8                __vector_28
                0x000000c8                __vector_1
                0x000000c8                __vector_32
                0x000000c8                __vector_34
                0x000000c8                __vector_24
                0x000000c8                __vector_12
                0x000000c8                __bad_interrupt
                0x000000c8                __vector_6
                0x000000c8                __vector_31
                0x000000c8                __vector_23
                0x000000c8                __vector_30
                0x000000c8                __vector_25
                0x000000c8                __vector_11
                0x000000c8                __vector_17
                0x000000c8                __vector_19
                0x000000c8                __vector_7
                0x000000c8                __vector_27
                0x000000c8                __vector_5
                0x000000c8                __vector_33
                0x000000c8                __vector_4
                0x000000c8                __vector_9
                0x000000c8                __vector_2
                0x000000c8                __vector_21
                0x000000c8                __vector_15
                0x000000c8                __vector_29
                0x000000c8                __vector_8
                0x000000c8                __vector_26
                0x000000c8                __vector_14
                0x000000c8                __vector_10
                0x000000c8                __vector_16
                0x000000c8                __vector_18
                0x000000c8                __vector_20
                0x000000ca                . = ALIGN (0x2)
 *(.text.*)
 .text.initUSART
                0x000000ca       0x44 CS122A_Final_Project.o
                0x000000ca                initUSART
 .text.USART_HasReceived
                0x0000010e       0x14 CS122A_Final_Project.o
                0x0000010e                USART_HasReceived
 .text.USART_Flush
                0x00000122       0x42 CS122A_Final_Project.o
                0x00000122                USART_Flush
 .text.USART_Receive
                0x00000164       0x24 CS122A_Final_Project.o
                0x00000164                USART_Receive
 .text.Send_signal
                0x00000188       0x3a CS122A_Final_Project.o
                0x00000188                Send_signal
 .text.Capture_init
                0x000001c2        0xc CS122A_Final_Project.o
                0x000001c2                Capture_init
 .text.initial_timer
                0x000001ce        0xc CS122A_Final_Project.o
                0x000001ce                initial_timer
 .text.TIMER_TICK
                0x000001da       0x82 CS122A_Final_Project.o
                0x000001da                TIMER_TICK
 .text.TIMERTick
                0x0000025c        0xe CS122A_Final_Project.o
                0x0000025c                TIMERTick
 .text.Going    0x0000026a       0xd6 CS122A_Final_Project.o
                0x0000026a                Going
 .text.AUTOTick
                0x00000340        0xe CS122A_Final_Project.o
                0x00000340                AUTOTick
 .text.CONTROL_TICK
                0x0000034e       0x64 CS122A_Final_Project.o
                0x0000034e                CONTROL_TICK
 .text.CONTROLTick
                0x000003b2        0xe CS122A_Final_Project.o
                0x000003b2                CONTROLTick
 .text.RC_Tick  0x000003c0      0x15a CS122A_Final_Project.o
                0x000003c0                RC_Tick
 .text.RCTick   0x0000051a        0xe CS122A_Final_Project.o
                0x0000051a                RCTick
 .text.Start_M_Pulse
                0x00000528       0x3e CS122A_Final_Project.o
                0x00000528                Start_M_Pulse
 .text.Start_C_Pulse
                0x00000566       0x3e CS122A_Final_Project.o
                0x00000566                Start_C_Pulse
 .text.Start_TIMER_Pulse
                0x000005a4       0x3e CS122A_Final_Project.o
                0x000005a4                Start_TIMER_Pulse
 .text.Start_AUTO_Pulse
                0x000005e2       0x3e CS122A_Final_Project.o
                0x000005e2                Start_AUTO_Pulse
 .text.main     0x00000620       0x34 CS122A_Final_Project.o
                0x00000620                main
 .text.__vector_3
                0x00000654       0x7e CS122A_Final_Project.o
                0x00000654                __vector_3
 .text.pvPortMalloc
                0x000006d2       0x4a heap_1.o
                0x000006d2                pvPortMalloc
 .text.vPortFree
                0x0000071c        0x2 heap_1.o
                0x0000071c                vPortFree
 .text.vListInitialise
                0x0000071e       0x1c list.o
                0x0000071e                vListInitialise
 .text.vListInitialiseItem
                0x0000073a        0x8 list.o
                0x0000073a                vListInitialiseItem
 .text.vListInsertEnd
                0x00000742       0x4e list.o
                0x00000742                vListInsertEnd
 .text.vListInsert
                0x00000790       0x76 list.o
                0x00000790                vListInsert
 .text.vListRemove
                0x00000806       0x4c list.o
                0x00000806                vListRemove
 .text.pxPortInitialiseStack
                0x00000852      0x128 port.o
                0x00000852                pxPortInitialiseStack
 .text.xPortStartScheduler
                0x0000097a       0x74 port.o
                0x0000097a                xPortStartScheduler
 .text.vPortYield
                0x000009ee       0xb0 port.o
                0x000009ee                vPortYield
 .text.vPortYieldFromTick
                0x00000a9e       0xb2 port.o
                0x00000a9e                vPortYieldFromTick
 .text.__vector_13
                0x00000b50        0x4 port.o
                0x00000b50                __vector_13
 .text.prvAddCurrentTaskToDelayedList
                0x00000b54       0x6a tasks.o
 .text.xTaskGenericCreate
                0x00000bbe      0x1fa tasks.o
                0x00000bbe                xTaskGenericCreate
 .text.vTaskStartScheduler
                0x00000db8       0x52 tasks.o
                0x00000db8                vTaskStartScheduler
 .text.vTaskSuspendAll
                0x00000e0a        0xc tasks.o
                0x00000e0a                vTaskSuspendAll
 .text.vTaskIncrementTick
                0x00000e16      0x182 tasks.o
                0x00000e16                vTaskIncrementTick
 .text.xTaskResumeAll
                0x00000f98      0x112 tasks.o
                0x00000f98                xTaskResumeAll
 .text.prvIdleTask
                0x000010aa       0x74 tasks.o
 .text.vTaskDelay
                0x0000111e       0x36 tasks.o
                0x0000111e                vTaskDelay
 .text.vTaskSwitchContext
                0x00001154       0xba tasks.o
                0x00001154                vTaskSwitchContext
 .text.libgcc.div
                0x0000120e       0x44 c:/program files (x86)/atmel/atmel toolchain/avr8 gcc/native/3.4.2.1002/avr8-gnu-toolchain/bin/../lib/gcc/avr/4.7.2/avr51\libgcc.a(_udivmodsi4.o)
                0x0000120e                __udivmodsi4
 .text.avr-libc
                0x00001252        0xe c:/program files (x86)/atmel/atmel toolchain/avr8 gcc/native/3.4.2.1002/avr8-gnu-toolchain/bin/../lib/gcc/avr/4.7.2/../../../../avr/lib/avr51\libc.a(memset.o)
                0x00001252                memset
 .text.avr-libc
                0x00001260       0x1e c:/program files (x86)/atmel/atmel toolchain/avr8 gcc/native/3.4.2.1002/avr8-gnu-toolchain/bin/../lib/gcc/avr/4.7.2/../../../../avr/lib/avr51\libc.a(strncpy.o)
                0x00001260                strncpy
                0x0000127e                . = ALIGN (0x2)
 *(.fini9)
 .fini9         0x0000127e        0x0 c:/program files (x86)/atmel/atmel toolchain/avr8 gcc/native/3.4.2.1002/avr8-gnu-toolchain/bin/../lib/gcc/avr/4.7.2/avr51\libgcc.a(_exit.o)
                0x0000127e                _exit
                0x0000127e                exit
 *(.fini9)
 *(.fini8)
 *(.fini8)
 *(.fini7)
 *(.fini7)
 *(.fini6)
 *(.fini6)
 *(.fini5)
 *(.fini5)
 *(.fini4)
 *(.fini4)
 *(.fini3)
 *(.fini3)
 *(.fini2)
 *(.fini2)
 *(.fini1)
 *(.fini1)
 *(.fini0)
 .fini0         0x0000127e        0x4 c:/program files (x86)/atmel/atmel toolchain/avr8 gcc/native/3.4.2.1002/avr8-gnu-toolchain/bin/../lib/gcc/avr/4.7.2/avr51\libgcc.a(_exit.o)
 *(.fini0)
                0x00001282                _etext = .

.data           0x00800100       0x2e load address 0x00001282
                0x00800100                PROVIDE (__data_start, .)
 *(.data)
 .data          0x00800100        0x0 c:/program files (x86)/atmel/atmel toolchain/avr8 gcc/native/3.4.2.1002/avr8-gnu-toolchain/bin/../lib/gcc/avr/4.7.2/../../../../avr/lib/avr51/crtm1284.o
 .data          0x00800100        0x0 croutine.o
 .data          0x00800100        0x0 CS122A_Final_Project.o
 .data          0x00800100        0x0 heap_1.o
 .data          0x00800100        0x0 io.o
 .data          0x00800100        0x0 list.o
 .data          0x00800100        0x0 port.o
 .data          0x00800100        0x0 queue.o
 .data          0x00800100        0x0 tasks.o
 .data          0x00800100        0x0 timers.o
 .data          0x00800100        0x0 c:/program files (x86)/atmel/atmel toolchain/avr8 gcc/native/3.4.2.1002/avr8-gnu-toolchain/bin/../lib/gcc/avr/4.7.2/avr51\libgcc.a(_udivmodsi4.o)
 .data          0x00800100        0x0 c:/program files (x86)/atmel/atmel toolchain/avr8 gcc/native/3.4.2.1002/avr8-gnu-toolchain/bin/../lib/gcc/avr/4.7.2/avr51\libgcc.a(_exit.o)
 .data          0x00800100        0x0 c:/program files (x86)/atmel/atmel toolchain/avr8 gcc/native/3.4.2.1002/avr8-gnu-toolchain/bin/../lib/gcc/avr/4.7.2/avr51\libgcc.a(_copy_data.o)
 .data          0x00800100        0x0 c:/program files (x86)/atmel/atmel toolchain/avr8 gcc/native/3.4.2.1002/avr8-gnu-toolchain/bin/../lib/gcc/avr/4.7.2/avr51\libgcc.a(_clear_bss.o)
 .data          0x00800100        0x0 c:/program files (x86)/atmel/atmel toolchain/avr8 gcc/native/3.4.2.1002/avr8-gnu-toolchain/bin/../lib/gcc/avr/4.7.2/../../../../avr/lib/avr51\libc.a(memcpy.o)
 .data          0x00800100        0x0 c:/program files (x86)/atmel/atmel toolchain/avr8 gcc/native/3.4.2.1002/avr8-gnu-toolchain/bin/../lib/gcc/avr/4.7.2/../../../../avr/lib/avr51\libc.a(memset.o)
 .data          0x00800100        0x0 c:/program files (x86)/atmel/atmel toolchain/avr8 gcc/native/3.4.2.1002/avr8-gnu-toolchain/bin/../lib/gcc/avr/4.7.2/../../../../avr/lib/avr51\libc.a(strncpy.o)
 *(.data*)
 .data.xNextTaskUnblockTime
                0x00800100        0x2 tasks.o
 *(.rodata)
 *(.rodata*)
 .rodata.str1.1
                0x00800102       0x26 CS122A_Final_Project.o
 .rodata.str1.1
                0x00800128        0x5 tasks.o
 *(.gnu.linkonce.d*)
                0x0080012e                . = ALIGN (0x2)
 *fill*         0x0080012d        0x1 
                0x0080012e                _edata = .
                0x0080012e                PROVIDE (__data_end, .)

.bss            0x0080012e      0x651
                0x0080012e                PROVIDE (__bss_start, .)
 *(.bss)
 *(.bss*)
 .bss.not_r_cnt
                0x0080012e        0x2 CS122A_Final_Project.o
                0x0080012e                not_r_cnt
 .bss.cnt2      0x00800130        0x2 CS122A_Final_Project.o
                0x00800130                cnt2
 .bss.cnt       0x00800132        0x2 CS122A_Final_Project.o
                0x00800132                cnt
 .bss.TURNNOW   0x00800134        0x1 CS122A_Final_Project.o
                0x00800134                TURNNOW
 .bss.mode      0x00800135        0x1 CS122A_Final_Project.o
                0x00800135                mode
 .bss.send      0x00800136        0x2 CS122A_Final_Project.o
                0x00800136                send
 .bss.ticks     0x00800138        0x4 CS122A_Final_Project.o
                0x00800138                ticks
 .bss.edge_flag
                0x0080013c        0x2 CS122A_Final_Project.o
                0x0080013c                edge_flag
 .bss.DISTANCE  0x0080013e        0x2 CS122A_Final_Project.o
                0x0080013e                DISTANCE
 .bss.dummy.2274
                0x00800140        0x1 CS122A_Final_Project.o
 .bss.xNextFreeByte
                0x00800141        0x2 heap_1.o
 .bss.xHeap     0x00800143      0x5dc heap_1.o
 .bss.xNumOfOverflows
                0x0080071f        0x1 tasks.o
 .bss.xMissedYield
                0x00800720        0x1 tasks.o
 .bss.uxMissedTicks
                0x00800721        0x1 tasks.o
 .bss.uxSchedulerSuspended
                0x00800722        0x1 tasks.o
 .bss.xSchedulerRunning
                0x00800723        0x1 tasks.o
 .bss.uxTopReadyPriority
                0x00800724        0x1 tasks.o
 .bss.xTickCount
                0x00800725        0x2 tasks.o
 .bss.uxCurrentNumberOfTasks
                0x00800727        0x1 tasks.o
 .bss.uxTasksDeleted
                0x00800728        0x1 tasks.o
 .bss.pxOverflowDelayedTaskList
                0x00800729        0x2 tasks.o
 .bss.pxDelayedTaskList
                0x0080072b        0x2 tasks.o
 .bss.pxCurrentTCB
                0x0080072d        0x2 tasks.o
                0x0080072d                pxCurrentTCB
 .bss.uxTopUsedPriority
                0x0080072f        0x1 tasks.o
 .bss.uxTaskNumber
                0x00800730        0x1 tasks.o
 .bss.pxReadyTasksLists
                0x00800731       0x24 tasks.o
 .bss.xDelayedTaskList1
                0x00800755        0x9 tasks.o
 .bss.xDelayedTaskList2
                0x0080075e        0x9 tasks.o
 .bss.xPendingReadyList
                0x00800767        0x9 tasks.o
 .bss.xTasksWaitingTermination
                0x00800770        0x9 tasks.o
 *(COMMON)
 COMMON         0x00800779        0x6 CS122A_Final_Project.o
                0x00800779                control
                0x0080077a                timer_state
                0x0080077b                control_state
                0x0080077c                RC_state
                0x0080077d                data
                0x0080077e                A_D_State
                0x0080077f                PROVIDE (__bss_end, .)
                0x00001282                __data_load_start = LOADADDR (.data)
                0x000012b0                __data_load_end = (__data_load_start + SIZEOF (.data))

.noinit         0x0080077f        0x0
                0x0080077f                PROVIDE (__noinit_start, .)
 *(.noinit*)
                0x0080077f                PROVIDE (__noinit_end, .)
                0x0080077f                _end = .
                0x0080077f                PROVIDE (__heap_start, .)

.eeprom         0x00810000        0x0
 *(.eeprom*)
                0x00810000                __eeprom_end = .

.fuse
 *(.fuse)
 *(.lfuse)
 *(.hfuse)
 *(.efuse)

.lock
 *(.lock*)

.signature
 *(.signature*)

.user_signatures
 *(.user_signatures*)

.stab           0x00000000      0x888
 *(.stab)
 .stab          0x00000000      0x6cc c:/program files (x86)/atmel/atmel toolchain/avr8 gcc/native/3.4.2.1002/avr8-gnu-toolchain/bin/../lib/gcc/avr/4.7.2/../../../../avr/lib/avr51/crtm1284.o
 .stab          0x000006cc       0x84 c:/program files (x86)/atmel/atmel toolchain/avr8 gcc/native/3.4.2.1002/avr8-gnu-toolchain/bin/../lib/gcc/avr/4.7.2/../../../../avr/lib/avr51\libc.a(memcpy.o)
                                 0x90 (size before relaxing)
 .stab          0x00000750       0x6c c:/program files (x86)/atmel/atmel toolchain/avr8 gcc/native/3.4.2.1002/avr8-gnu-toolchain/bin/../lib/gcc/avr/4.7.2/../../../../avr/lib/avr51\libc.a(memset.o)
                                 0x78 (size before relaxing)
 .stab          0x000007bc       0xcc c:/program files (x86)/atmel/atmel toolchain/avr8 gcc/native/3.4.2.1002/avr8-gnu-toolchain/bin/../lib/gcc/avr/4.7.2/../../../../avr/lib/avr51\libc.a(strncpy.o)
                                 0xd8 (size before relaxing)

.stabstr        0x00000000      0x1f4
 *(.stabstr)
 .stabstr       0x00000000      0x1f4 c:/program files (x86)/atmel/atmel toolchain/avr8 gcc/native/3.4.2.1002/avr8-gnu-toolchain/bin/../lib/gcc/avr/4.7.2/../../../../avr/lib/avr51/crtm1284.o

.stab.excl
 *(.stab.excl)

.stab.exclstr
 *(.stab.exclstr)

.stab.index
 *(.stab.index)

.stab.indexstr
 *(.stab.indexstr)

.comment        0x00000000       0x2f
 *(.comment)
 .comment       0x00000000       0x2f croutine.o
                                 0x30 (size before relaxing)
 .comment       0x00000000       0x30 CS122A_Final_Project.o
 .comment       0x00000000       0x30 heap_1.o
 .comment       0x00000000       0x30 io.o
 .comment       0x00000000       0x30 list.o
 .comment       0x00000000       0x30 port.o
 .comment       0x00000000       0x30 queue.o
 .comment       0x00000000       0x30 tasks.o
 .comment       0x00000000       0x30 timers.o

.debug
 *(.debug)

.line
 *(.line)

.debug_srcinfo
 *(.debug_srcinfo)

.debug_sfnames
 *(.debug_sfnames)

.debug_aranges  0x00000000      0x3b8
 *(.debug_aranges)
 .debug_aranges
                0x00000000       0x38 croutine.o
 .debug_aranges
                0x00000038       0xf0 CS122A_Final_Project.o
 .debug_aranges
                0x00000128       0x38 heap_1.o
 .debug_aranges
                0x00000160       0x50 io.o
 .debug_aranges
                0x000001b0       0x40 list.o
 .debug_aranges
                0x000001f0       0x48 port.o
 .debug_aranges
                0x00000238       0xb0 queue.o
 .debug_aranges
                0x000002e8       0xb8 tasks.o
 .debug_aranges
                0x000003a0       0x18 timers.o

.debug_pubnames
 *(.debug_pubnames)

.debug_info     0x00000000     0x3f08
 *(.debug_info)
 .debug_info    0x00000000      0x7be croutine.o
 .debug_info    0x000007be      0xc17 CS122A_Final_Project.o
 .debug_info    0x000013d5      0x1a5 heap_1.o
 .debug_info    0x0000157a      0x2be io.o
 .debug_info    0x00001838      0x2c1 list.o
 .debug_info    0x00001af9      0x238 port.o
 .debug_info    0x00001d31      0xfd7 queue.o
 .debug_info    0x00002d08     0x1195 tasks.o
 .debug_info    0x00003e9d       0x6b timers.o
 *(.gnu.linkonce.wi.*)

.debug_abbrev   0x00000000      0xf5b
 *(.debug_abbrev)
 .debug_abbrev  0x00000000      0x250 croutine.o
 .debug_abbrev  0x00000250      0x303 CS122A_Final_Project.o
 .debug_abbrev  0x00000553      0x148 heap_1.o
 .debug_abbrev  0x0000069b       0xf1 io.o
 .debug_abbrev  0x0000078c       0xf6 list.o
 .debug_abbrev  0x00000882      0x154 port.o
 .debug_abbrev  0x000009d6      0x24c queue.o
 .debug_abbrev  0x00000c22      0x313 tasks.o
 .debug_abbrev  0x00000f35       0x26 timers.o

.debug_line     0x00000000     0x280a
 *(.debug_line)
 .debug_line    0x00000000      0x3b4 croutine.o
 .debug_line    0x000003b4      0x954 CS122A_Final_Project.o
 .debug_line    0x00000d08      0x183 heap_1.o
 .debug_line    0x00000e8b      0x215 io.o
 .debug_line    0x000010a0      0x1ec list.o
 .debug_line    0x0000128c      0x347 port.o
 .debug_line    0x000015d3      0x8d6 queue.o
 .debug_line    0x00001ea9      0x947 tasks.o
 .debug_line    0x000027f0       0x1a timers.o

.debug_frame    0x00000000      0xa34
 *(.debug_frame)
 .debug_frame   0x00000000       0xc8 croutine.o
 .debug_frame   0x000000c8      0x274 CS122A_Final_Project.o
 .debug_frame   0x0000033c       0x60 heap_1.o
 .debug_frame   0x0000039c       0x94 io.o
 .debug_frame   0x00000430       0x7c list.o
 .debug_frame   0x000004ac       0x74 port.o
 .debug_frame   0x00000520      0x298 queue.o
 .debug_frame   0x000007b8      0x27c tasks.o

.debug_str      0x00000000     0x11d0
 *(.debug_str)
 .debug_str     0x00000000      0x464 croutine.o
                                0x4ab (size before relaxing)
 .debug_str     0x00000464      0x35e CS122A_Final_Project.o
                                0x46d (size before relaxing)
 .debug_str     0x000007c2       0xa5 heap_1.o
                                0x1a5 (size before relaxing)
 .debug_str     0x00000867       0x75 io.o
                                0x163 (size before relaxing)
 .debug_str     0x000008dc       0x54 list.o
                                0x20d (size before relaxing)
 .debug_str     0x00000930       0xfe port.o
                                0x20b (size before relaxing)
 .debug_str     0x00000a2e      0x3fc queue.o
                                0x63f (size before relaxing)
 .debug_str     0x00000e2a      0x398 tasks.o
                                0x805 (size before relaxing)
 .debug_str     0x000011c2        0xe timers.o
                                 0xfa (size before relaxing)

.debug_loc      0x00000000     0x2eb5
 *(.debug_loc)
 .debug_loc     0x00000000      0x400 croutine.o
 .debug_loc     0x00000400      0x5b6 CS122A_Final_Project.o
 .debug_loc     0x000009b6       0xe1 heap_1.o
 .debug_loc     0x00000a97      0x1ca io.o
 .debug_loc     0x00000c61      0x10e list.o
 .debug_loc     0x00000d6f      0x4dc port.o
 .debug_loc     0x0000124b     0x1006 queue.o
 .debug_loc     0x00002251      0xc64 tasks.o

.debug_macinfo
 *(.debug_macinfo)

.debug_pubtypes
 *(.debug_pubtypes)

.debug_ranges   0x00000000      0x3e8
 *(.debug_ranges)
 .debug_ranges  0x00000000       0x40 croutine.o
 .debug_ranges  0x00000040       0xe0 CS122A_Final_Project.o
 .debug_ranges  0x00000120       0x28 heap_1.o
 .debug_ranges  0x00000148       0x40 io.o
 .debug_ranges  0x00000188       0x30 list.o
 .debug_ranges  0x000001b8       0x38 port.o
 .debug_ranges  0x000001f0       0xa0 queue.o
 .debug_ranges  0x00000290      0x158 tasks.o

.debug_macro
 *(.debug_macro)
OUTPUT(CS122A_Final_Project.elf elf32-avr)
LOAD linker stubs
