Archive member included because of file (symbol)

c:/program files (x86)/atmel/atmel toolchain/avr8 gcc/native/3.4.2.1002/avr8-gnu-toolchain/bin/../lib/gcc/avr/4.7.2/avr51\libgcc.a(_exit.o)
                              c:/program files (x86)/atmel/atmel toolchain/avr8 gcc/native/3.4.2.1002/avr8-gnu-toolchain/bin/../lib/gcc/avr/4.7.2/../../../../avr/lib/avr51/crtm1284.o (exit)
c:/program files (x86)/atmel/atmel toolchain/avr8 gcc/native/3.4.2.1002/avr8-gnu-toolchain/bin/../lib/gcc/avr/4.7.2/avr51\libgcc.a(_copy_data.o)
                              CS122A_Final_Project_P2.o (__do_copy_data)
c:/program files (x86)/atmel/atmel toolchain/avr8 gcc/native/3.4.2.1002/avr8-gnu-toolchain/bin/../lib/gcc/avr/4.7.2/avr51\libgcc.a(_clear_bss.o)
                              croutine.o (__do_clear_bss)
c:/program files (x86)/atmel/atmel toolchain/avr8 gcc/native/3.4.2.1002/avr8-gnu-toolchain/bin/../lib/gcc/avr/4.7.2/../../../../avr/lib/avr51\libc.a(memcpy.o)
                              queue.o (memcpy)
c:/program files (x86)/atmel/atmel toolchain/avr8 gcc/native/3.4.2.1002/avr8-gnu-toolchain/bin/../lib/gcc/avr/4.7.2/../../../../avr/lib/avr51\libc.a(memset.o)
                              tasks.o (memset)
c:/program files (x86)/atmel/atmel toolchain/avr8 gcc/native/3.4.2.1002/avr8-gnu-toolchain/bin/../lib/gcc/avr/4.7.2/../../../../avr/lib/avr51\libc.a(strncpy.o)
                              tasks.o (strncpy)

Allocating common symbols
Common symbol       size              file

LCD_state           0x1               CS122A_Final_Project_P2.o
data                0x1               CS122A_Final_Project_P2.o
man_state           0x1               CS122A_Final_Project_P2.o
auto_state          0x1               CS122A_Final_Project_P2.o

Discarded input sections

 .bss           0x00000000        0x0 c:/program files (x86)/atmel/atmel toolchain/avr8 gcc/native/3.4.2.1002/avr8-gnu-toolchain/bin/../lib/gcc/avr/4.7.2/../../../../avr/lib/avr51/crtm1284.o
 .text          0x00000000        0x0 croutine.o
 .bss           0x00000000        0x0 croutine.o
 .text.xCoRoutineCreate
                0x00000000       0xf4 croutine.o
 .text.vCoRoutineAddToDelayedList
                0x00000000       0x86 croutine.o
 .text.vCoRoutineSchedule
                0x00000000      0x26e croutine.o
 .text.xCoRoutineRemoveFromEventList
                0x00000000       0x4a croutine.o
 .bss.pxCurrentCoRoutine
                0x00000000        0x2 croutine.o
 .bss.uxTopCoRoutineReadyPriority
                0x00000000        0x1 croutine.o
 .bss.pxReadyCoRoutineLists
                0x00000000       0x12 croutine.o
 .bss.xDelayedCoRoutineList1
                0x00000000        0x9 croutine.o
 .bss.xDelayedCoRoutineList2
                0x00000000        0x9 croutine.o
 .bss.xPendingReadyCoRoutineList
                0x00000000        0x9 croutine.o
 .bss.pxDelayedCoRoutineList
                0x00000000        0x2 croutine.o
 .bss.pxOverflowDelayedCoRoutineList
                0x00000000        0x2 croutine.o
 .bss.xCoRoutineTickCount
                0x00000000        0x2 croutine.o
 .bss.xLastTickCount
                0x00000000        0x2 croutine.o
 .bss.xPassedTicks
                0x00000000        0x2 croutine.o
 .text          0x00000000        0x0 CS122A_Final_Project_P2.o
 .bss           0x00000000        0x0 CS122A_Final_Project_P2.o
 .text.USART_IsSendReady
                0x00000000       0x14 CS122A_Final_Project_P2.o
 .text.USART_HasTransmitted
                0x00000000       0x14 CS122A_Final_Project_P2.o
 .text.USART_HasReceived
                0x00000000       0x14 CS122A_Final_Project_P2.o
 .text.USART_Flush
                0x00000000       0x42 CS122A_Final_Project_P2.o
 .text.USART_Receive
                0x00000000       0x24 CS122A_Final_Project_P2.o
 .text.SetBit   0x00000000       0x30 CS122A_Final_Project_P2.o
 .text.GetBit   0x00000000       0x10 CS122A_Final_Project_P2.o
 .bss.customClear
                0x00000000        0x8 CS122A_Final_Project_P2.o
 .bss.dummy.2274
                0x00000000        0x1 CS122A_Final_Project_P2.o
 .text          0x00000000        0x0 heap_1.o
 .bss           0x00000000        0x0 heap_1.o
 .text.vPortInitialiseBlocks
                0x00000000        0xa heap_1.o
 .text.xPortGetFreeHeapSize
                0x00000000       0x16 heap_1.o
 .text          0x00000000        0x0 io.o
 .bss           0x00000000        0x0 io.o
 .text          0x00000000        0x0 list.o
 .bss           0x00000000        0x0 list.o
 .text          0x00000000        0x0 port.o
 .bss           0x00000000        0x0 port.o
 .text.vPortEndScheduler
                0x00000000        0x2 port.o
 .text          0x00000000        0x0 queue.o
 .bss           0x00000000        0x0 queue.o
 .text.prvIsQueueFull
                0x00000000       0x18 queue.o
 .text.prvCopyDataToQueue
                0x00000000       0x82 queue.o
 .text.prvCopyDataFromQueue
                0x00000000       0x3e queue.o
 .text.prvUnlockQueue
                0x00000000       0x94 queue.o
 .text.xQueueGenericReset
                0x00000000       0x88 queue.o
 .text.xQueueGenericCreate
                0x00000000       0x64 queue.o
 .text.xQueueGenericSend
                0x00000000      0x12a queue.o
 .text.xQueueGenericSendFromISR
                0x00000000       0x58 queue.o
 .text.xQueueGenericReceive
                0x00000000      0x158 queue.o
 .text.xQueueReceiveFromISR
                0x00000000       0x5a queue.o
 .text.uxQueueMessagesWaiting
                0x00000000       0x10 queue.o
 .text.uxQueueMessagesWaitingFromISR
                0x00000000        0x6 queue.o
 .text.vQueueDelete
                0x00000000       0x1a queue.o
 .text.xQueueIsQueueEmptyFromISR
                0x00000000        0xc queue.o
 .text.xQueueIsQueueFullFromISR
                0x00000000        0xe queue.o
 .text.xQueueCRSend
                0x00000000       0x82 queue.o
 .text.xQueueCRReceive
                0x00000000       0x94 queue.o
 .text.xQueueCRSendFromISR
                0x00000000       0x3e queue.o
 .text.xQueueCRReceiveFromISR
                0x00000000       0x80 queue.o
 .text          0x00000000        0x0 tasks.o
 .bss           0x00000000        0x0 tasks.o
 .text.vTaskDelete
                0x00000000       0x98 tasks.o
 .text.vTaskEndScheduler
                0x00000000        0xc tasks.o
 .text.xTaskGetTickCount
                0x00000000       0x18 tasks.o
 .text.xTaskGetTickCountFromISR
                0x00000000        0xe tasks.o
 .text.uxTaskGetNumberOfTasks
                0x00000000        0x6 tasks.o
 .text.vTaskDelayUntil
                0x00000000       0x94 tasks.o
 .text.vTaskPlaceOnEventList
                0x00000000       0x3a tasks.o
 .text.xTaskRemoveFromEventList
                0x00000000       0x8c tasks.o
 .text.vTaskSetTimeOutState
                0x00000000       0x16 tasks.o
 .text.xTaskCheckForTimeOut
                0x00000000       0x74 tasks.o
 .text.vTaskMissedYield
                0x00000000        0x8 tasks.o
 .text          0x00000000        0x0 timers.o
 .bss           0x00000000        0x0 timers.o
 .text          0x00000000        0x0 c:/program files (x86)/atmel/atmel toolchain/avr8 gcc/native/3.4.2.1002/avr8-gnu-toolchain/bin/../lib/gcc/avr/4.7.2/avr51\libgcc.a(_exit.o)
 .bss           0x00000000        0x0 c:/program files (x86)/atmel/atmel toolchain/avr8 gcc/native/3.4.2.1002/avr8-gnu-toolchain/bin/../lib/gcc/avr/4.7.2/avr51\libgcc.a(_exit.o)
 .text.libgcc.mul
                0x00000000        0x0 c:/program files (x86)/atmel/atmel toolchain/avr8 gcc/native/3.4.2.1002/avr8-gnu-toolchain/bin/../lib/gcc/avr/4.7.2/avr51\libgcc.a(_exit.o)
 .text.libgcc.div
                0x00000000        0x0 c:/program files (x86)/atmel/atmel toolchain/avr8 gcc/native/3.4.2.1002/avr8-gnu-toolchain/bin/../lib/gcc/avr/4.7.2/avr51\libgcc.a(_exit.o)
 .text.libgcc   0x00000000        0x0 c:/program files (x86)/atmel/atmel toolchain/avr8 gcc/native/3.4.2.1002/avr8-gnu-toolchain/bin/../lib/gcc/avr/4.7.2/avr51\libgcc.a(_exit.o)
 .text.libgcc.prologue
                0x00000000        0x0 c:/program files (x86)/atmel/atmel toolchain/avr8 gcc/native/3.4.2.1002/avr8-gnu-toolchain/bin/../lib/gcc/avr/4.7.2/avr51\libgcc.a(_exit.o)
 .text.libgcc.builtins
                0x00000000        0x0 c:/program files (x86)/atmel/atmel toolchain/avr8 gcc/native/3.4.2.1002/avr8-gnu-toolchain/bin/../lib/gcc/avr/4.7.2/avr51\libgcc.a(_exit.o)
 .text.libgcc.fmul
                0x00000000        0x0 c:/program files (x86)/atmel/atmel toolchain/avr8 gcc/native/3.4.2.1002/avr8-gnu-toolchain/bin/../lib/gcc/avr/4.7.2/avr51\libgcc.a(_exit.o)
 .text          0x00000000        0x0 c:/program files (x86)/atmel/atmel toolchain/avr8 gcc/native/3.4.2.1002/avr8-gnu-toolchain/bin/../lib/gcc/avr/4.7.2/avr51\libgcc.a(_copy_data.o)
 .bss           0x00000000        0x0 c:/program files (x86)/atmel/atmel toolchain/avr8 gcc/native/3.4.2.1002/avr8-gnu-toolchain/bin/../lib/gcc/avr/4.7.2/avr51\libgcc.a(_copy_data.o)
 .text.libgcc.mul
                0x00000000        0x0 c:/program files (x86)/atmel/atmel toolchain/avr8 gcc/native/3.4.2.1002/avr8-gnu-toolchain/bin/../lib/gcc/avr/4.7.2/avr51\libgcc.a(_copy_data.o)
 .text.libgcc.div
                0x00000000        0x0 c:/program files (x86)/atmel/atmel toolchain/avr8 gcc/native/3.4.2.1002/avr8-gnu-toolchain/bin/../lib/gcc/avr/4.7.2/avr51\libgcc.a(_copy_data.o)
 .text.libgcc   0x00000000        0x0 c:/program files (x86)/atmel/atmel toolchain/avr8 gcc/native/3.4.2.1002/avr8-gnu-toolchain/bin/../lib/gcc/avr/4.7.2/avr51\libgcc.a(_copy_data.o)
 .text.libgcc.prologue
                0x00000000        0x0 c:/program files (x86)/atmel/atmel toolchain/avr8 gcc/native/3.4.2.1002/avr8-gnu-toolchain/bin/../lib/gcc/avr/4.7.2/avr51\libgcc.a(_copy_data.o)
 .text.libgcc.builtins
                0x00000000        0x0 c:/program files (x86)/atmel/atmel toolchain/avr8 gcc/native/3.4.2.1002/avr8-gnu-toolchain/bin/../lib/gcc/avr/4.7.2/avr51\libgcc.a(_copy_data.o)
 .text.libgcc.fmul
                0x00000000        0x0 c:/program files (x86)/atmel/atmel toolchain/avr8 gcc/native/3.4.2.1002/avr8-gnu-toolchain/bin/../lib/gcc/avr/4.7.2/avr51\libgcc.a(_copy_data.o)
 .text          0x00000000        0x0 c:/program files (x86)/atmel/atmel toolchain/avr8 gcc/native/3.4.2.1002/avr8-gnu-toolchain/bin/../lib/gcc/avr/4.7.2/avr51\libgcc.a(_clear_bss.o)
 .bss           0x00000000        0x0 c:/program files (x86)/atmel/atmel toolchain/avr8 gcc/native/3.4.2.1002/avr8-gnu-toolchain/bin/../lib/gcc/avr/4.7.2/avr51\libgcc.a(_clear_bss.o)
 .text.libgcc.mul
                0x00000000        0x0 c:/program files (x86)/atmel/atmel toolchain/avr8 gcc/native/3.4.2.1002/avr8-gnu-toolchain/bin/../lib/gcc/avr/4.7.2/avr51\libgcc.a(_clear_bss.o)
 .text.libgcc.div
                0x00000000        0x0 c:/program files (x86)/atmel/atmel toolchain/avr8 gcc/native/3.4.2.1002/avr8-gnu-toolchain/bin/../lib/gcc/avr/4.7.2/avr51\libgcc.a(_clear_bss.o)
 .text.libgcc   0x00000000        0x0 c:/program files (x86)/atmel/atmel toolchain/avr8 gcc/native/3.4.2.1002/avr8-gnu-toolchain/bin/../lib/gcc/avr/4.7.2/avr51\libgcc.a(_clear_bss.o)
 .text.libgcc.prologue
                0x00000000        0x0 c:/program files (x86)/atmel/atmel toolchain/avr8 gcc/native/3.4.2.1002/avr8-gnu-toolchain/bin/../lib/gcc/avr/4.7.2/avr51\libgcc.a(_clear_bss.o)
 .text.libgcc.builtins
                0x00000000        0x0 c:/program files (x86)/atmel/atmel toolchain/avr8 gcc/native/3.4.2.1002/avr8-gnu-toolchain/bin/../lib/gcc/avr/4.7.2/avr51\libgcc.a(_clear_bss.o)
 .text.libgcc.fmul
                0x00000000        0x0 c:/program files (x86)/atmel/atmel toolchain/avr8 gcc/native/3.4.2.1002/avr8-gnu-toolchain/bin/../lib/gcc/avr/4.7.2/avr51\libgcc.a(_clear_bss.o)
 .text          0x00000000        0x0 c:/program files (x86)/atmel/atmel toolchain/avr8 gcc/native/3.4.2.1002/avr8-gnu-toolchain/bin/../lib/gcc/avr/4.7.2/../../../../avr/lib/avr51\libc.a(memcpy.o)
 .bss           0x00000000        0x0 c:/program files (x86)/atmel/atmel toolchain/avr8 gcc/native/3.4.2.1002/avr8-gnu-toolchain/bin/../lib/gcc/avr/4.7.2/../../../../avr/lib/avr51\libc.a(memcpy.o)
 .text.avr-libc
                0x00000000       0x12 c:/program files (x86)/atmel/atmel toolchain/avr8 gcc/native/3.4.2.1002/avr8-gnu-toolchain/bin/../lib/gcc/avr/4.7.2/../../../../avr/lib/avr51\libc.a(memcpy.o)
 .text          0x00000000        0x0 c:/program files (x86)/atmel/atmel toolchain/avr8 gcc/native/3.4.2.1002/avr8-gnu-toolchain/bin/../lib/gcc/avr/4.7.2/../../../../avr/lib/avr51\libc.a(memset.o)
 .bss           0x00000000        0x0 c:/program files (x86)/atmel/atmel toolchain/avr8 gcc/native/3.4.2.1002/avr8-gnu-toolchain/bin/../lib/gcc/avr/4.7.2/../../../../avr/lib/avr51\libc.a(memset.o)
 .text          0x00000000        0x0 c:/program files (x86)/atmel/atmel toolchain/avr8 gcc/native/3.4.2.1002/avr8-gnu-toolchain/bin/../lib/gcc/avr/4.7.2/../../../../avr/lib/avr51\libc.a(strncpy.o)
 .bss           0x00000000        0x0 c:/program files (x86)/atmel/atmel toolchain/avr8 gcc/native/3.4.2.1002/avr8-gnu-toolchain/bin/../lib/gcc/avr/4.7.2/../../../../avr/lib/avr51\libc.a(strncpy.o)

Memory Configuration

Name             Origin             Length             Attributes
text             0x00000000         0x00020000         xr
data             0x00800100         0x0000ff00         rw !x
eeprom           0x00810000         0x00010000         rw !x
fuse             0x00820000         0x00000400         rw !x
lock             0x00830000         0x00000400         rw !x
signature        0x00840000         0x00000400         rw !x
user_signatures  0x00850000         0x00000400         rw !x
*default*        0x00000000         0xffffffff

Linker script and memory map

Address of section .data set to 0x800100
LOAD c:/program files (x86)/atmel/atmel toolchain/avr8 gcc/native/3.4.2.1002/avr8-gnu-toolchain/bin/../lib/gcc/avr/4.7.2/../../../../avr/lib/avr51/crtm1284.o
LOAD croutine.o
LOAD CS122A_Final_Project_P2.o
LOAD heap_1.o
LOAD io.o
LOAD list.o
LOAD port.o
LOAD queue.o
LOAD tasks.o
LOAD timers.o
START GROUP
LOAD c:/program files (x86)/atmel/atmel toolchain/avr8 gcc/native/3.4.2.1002/avr8-gnu-toolchain/bin/../lib/gcc/avr/4.7.2/../../../../avr/lib/avr51\libm.a
END GROUP
LOAD c:/program files (x86)/atmel/atmel toolchain/avr8 gcc/native/3.4.2.1002/avr8-gnu-toolchain/bin/../lib/gcc/avr/4.7.2/avr51\libgcc.a
LOAD c:/program files (x86)/atmel/atmel toolchain/avr8 gcc/native/3.4.2.1002/avr8-gnu-toolchain/bin/../lib/gcc/avr/4.7.2/../../../../avr/lib/avr51\libc.a
LOAD c:/program files (x86)/atmel/atmel toolchain/avr8 gcc/native/3.4.2.1002/avr8-gnu-toolchain/bin/../lib/gcc/avr/4.7.2/avr51\libgcc.a

.hash
 *(.hash)

.dynsym
 *(.dynsym)

.dynstr
 *(.dynstr)

.gnu.version
 *(.gnu.version)

.gnu.version_d
 *(.gnu.version_d)

.gnu.version_r
 *(.gnu.version_r)

.rel.init
 *(.rel.init)

.rela.init
 *(.rela.init)

.rel.text
 *(.rel.text)
 *(.rel.text.*)
 *(.rel.gnu.linkonce.t*)

.rela.text
 *(.rela.text)
 *(.rela.text.*)
 *(.rela.gnu.linkonce.t*)

.rel.fini
 *(.rel.fini)

.rela.fini
 *(.rela.fini)

.rel.rodata
 *(.rel.rodata)
 *(.rel.rodata.*)
 *(.rel.gnu.linkonce.r*)

.rela.rodata
 *(.rela.rodata)
 *(.rela.rodata.*)
 *(.rela.gnu.linkonce.r*)

.rel.data
 *(.rel.data)
 *(.rel.data.*)
 *(.rel.gnu.linkonce.d*)

.rela.data
 *(.rela.data)
 *(.rela.data.*)
 *(.rela.gnu.linkonce.d*)

.rel.ctors
 *(.rel.ctors)

.rela.ctors
 *(.rela.ctors)

.rel.dtors
 *(.rel.dtors)

.rela.dtors
 *(.rela.dtors)

.rel.got
 *(.rel.got)

.rela.got
 *(.rela.got)

.rel.bss
 *(.rel.bss)

.rela.bss
 *(.rela.bss)

.rel.plt
 *(.rel.plt)

.rela.plt
 *(.rela.plt)

.text           0x00000000     0x112a
 *(.vectors)
 .vectors       0x00000000       0x8c c:/program files (x86)/atmel/atmel toolchain/avr8 gcc/native/3.4.2.1002/avr8-gnu-toolchain/bin/../lib/gcc/avr/4.7.2/../../../../avr/lib/avr51/crtm1284.o
                0x00000000                __vector_default
                0x00000000                __vectors
 *(.vectors)
 *(.progmem.gcc*)
 *(.progmem*)
                0x0000008c                . = ALIGN (0x2)
                0x0000008c                __trampolines_start = .
 *(.trampolines)
 .trampolines   0x0000008c        0x0 linker stubs
 *(.trampolines*)
                0x0000008c                __trampolines_end = .
 *(.jumptables)
 *(.jumptables*)
 *(.lowtext)
 *(.lowtext*)
                0x0000008c                __ctors_start = .
 *(.ctors)
                0x0000008c                __ctors_end = .
                0x0000008c                __dtors_start = .
 *(.dtors)
                0x0000008c                __dtors_end = .
 SORT(*)(.ctors)
 SORT(*)(.dtors)
 *(.init0)
 .init0         0x0000008c        0x0 c:/program files (x86)/atmel/atmel toolchain/avr8 gcc/native/3.4.2.1002/avr8-gnu-toolchain/bin/../lib/gcc/avr/4.7.2/../../../../avr/lib/avr51/crtm1284.o
                0x0000008c                __init
 *(.init0)
 *(.init1)
 *(.init1)
 *(.init2)
 .init2         0x0000008c        0xc c:/program files (x86)/atmel/atmel toolchain/avr8 gcc/native/3.4.2.1002/avr8-gnu-toolchain/bin/../lib/gcc/avr/4.7.2/../../../../avr/lib/avr51/crtm1284.o
 *(.init2)
 *(.init3)
 *(.init3)
 *(.init4)
 .init4         0x00000098       0x1a c:/program files (x86)/atmel/atmel toolchain/avr8 gcc/native/3.4.2.1002/avr8-gnu-toolchain/bin/../lib/gcc/avr/4.7.2/avr51\libgcc.a(_copy_data.o)
                0x00000098                __do_copy_data
 .init4         0x000000b2       0x10 c:/program files (x86)/atmel/atmel toolchain/avr8 gcc/native/3.4.2.1002/avr8-gnu-toolchain/bin/../lib/gcc/avr/4.7.2/avr51\libgcc.a(_clear_bss.o)
                0x000000b2                __do_clear_bss
 *(.init4)
 *(.init5)
 *(.init5)
 *(.init6)
 *(.init6)
 *(.init7)
 *(.init7)
 *(.init8)
 *(.init8)
 *(.init9)
 .init9         0x000000c2        0x6 c:/program files (x86)/atmel/atmel toolchain/avr8 gcc/native/3.4.2.1002/avr8-gnu-toolchain/bin/../lib/gcc/avr/4.7.2/../../../../avr/lib/avr51/crtm1284.o
 *(.init9)
 *(.text)
 .text          0x000000c8        0x2 c:/program files (x86)/atmel/atmel toolchain/avr8 gcc/native/3.4.2.1002/avr8-gnu-toolchain/bin/../lib/gcc/avr/4.7.2/../../../../avr/lib/avr51/crtm1284.o
                0x000000c8                __vector_22
                0x000000c8                __vector_28
                0x000000c8                __vector_1
                0x000000c8                __vector_32
                0x000000c8                __vector_34
                0x000000c8                __vector_24
                0x000000c8                __vector_12
                0x000000c8                __bad_interrupt
                0x000000c8                __vector_6
                0x000000c8                __vector_31
                0x000000c8                __vector_3
                0x000000c8                __vector_23
                0x000000c8                __vector_30
                0x000000c8                __vector_25
                0x000000c8                __vector_11
                0x000000c8                __vector_17
                0x000000c8                __vector_19
                0x000000c8                __vector_7
                0x000000c8                __vector_27
                0x000000c8                __vector_5
                0x000000c8                __vector_33
                0x000000c8                __vector_4
                0x000000c8                __vector_9
                0x000000c8                __vector_2
                0x000000c8                __vector_21
                0x000000c8                __vector_15
                0x000000c8                __vector_29
                0x000000c8                __vector_8
                0x000000c8                __vector_26
                0x000000c8                __vector_14
                0x000000c8                __vector_10
                0x000000c8                __vector_16
                0x000000c8                __vector_18
                0x000000c8                __vector_20
                0x000000ca                . = ALIGN (0x2)
 *(.text.*)
 .text.initUSART
                0x000000ca       0x44 CS122A_Final_Project_P2.o
                0x000000ca                initUSART
 .text.USART_Send
                0x0000010e       0x24 CS122A_Final_Project_P2.o
                0x0000010e                USART_Send
 .text.Main_LCD_Tick
                0x00000132      0x172 CS122A_Final_Project_P2.o
                0x00000132                Main_LCD_Tick
 .text.MainLCDTick
                0x000002a4        0xe CS122A_Final_Project_P2.o
                0x000002a4                MainLCDTick
 .text.LCD_AUTO
                0x000002b2       0x98 CS122A_Final_Project_P2.o
                0x000002b2                LCD_AUTO
 .text.AutoTick
                0x0000034a        0xe CS122A_Final_Project_P2.o
                0x0000034a                AutoTick
 .text.Man_Tick
                0x00000358       0xa2 CS122A_Final_Project_P2.o
                0x00000358                Man_Tick
 .text.ManTick  0x000003fa        0xe CS122A_Final_Project_P2.o
                0x000003fa                ManTick
 .text.Start_LCD_Pulse
                0x00000408       0x3e CS122A_Final_Project_P2.o
                0x00000408                Start_LCD_Pulse
 .text.Start_AUTO_Pulse
                0x00000446       0x3e CS122A_Final_Project_P2.o
                0x00000446                Start_AUTO_Pulse
 .text.Start_MAN_Pulse
                0x00000484       0x3e CS122A_Final_Project_P2.o
                0x00000484                Start_MAN_Pulse
 .text.main     0x000004c2       0x2e CS122A_Final_Project_P2.o
                0x000004c2                main
 .text.pvPortMalloc
                0x000004f0       0x4a heap_1.o
                0x000004f0                pvPortMalloc
 .text.vPortFree
                0x0000053a        0x2 heap_1.o
                0x0000053a                vPortFree
 .text.delay_ms
                0x0000053c       0x28 io.o
                0x0000053c                delay_ms
 .text.LCD_WriteData
                0x00000564       0x10 io.o
                0x00000564                LCD_WriteData
 .text.LCD_WriteCommand
                0x00000574       0x10 io.o
                0x00000574                LCD_WriteCommand
 .text.LCD_Cursor
                0x00000584        0xc io.o
                0x00000584                LCD_Cursor
 .text.LCD_DisplayString
                0x00000590       0x28 io.o
                0x00000590                LCD_DisplayString
 .text.LCD_ClearScreen
                0x000005b8        0x4 io.o
                0x000005b8                LCD_ClearScreen
 .text.LCD_init
                0x000005bc       0x1c io.o
                0x000005bc                LCD_init
 .text.LCD_build
                0x000005d8       0x32 io.o
                0x000005d8                LCD_build
 .text.vListInitialise
                0x0000060a       0x1c list.o
                0x0000060a                vListInitialise
 .text.vListInitialiseItem
                0x00000626        0x8 list.o
                0x00000626                vListInitialiseItem
 .text.vListInsertEnd
                0x0000062e       0x4e list.o
                0x0000062e                vListInsertEnd
 .text.vListInsert
                0x0000067c       0x76 list.o
                0x0000067c                vListInsert
 .text.vListRemove
                0x000006f2       0x4c list.o
                0x000006f2                vListRemove
 .text.pxPortInitialiseStack
                0x0000073e      0x128 port.o
                0x0000073e                pxPortInitialiseStack
 .text.xPortStartScheduler
                0x00000866       0x74 port.o
                0x00000866                xPortStartScheduler
 .text.vPortYield
                0x000008da       0xb0 port.o
                0x000008da                vPortYield
 .text.vPortYieldFromTick
                0x0000098a       0xb2 port.o
                0x0000098a                vPortYieldFromTick
 .text.__vector_13
                0x00000a3c        0x4 port.o
                0x00000a3c                __vector_13
 .text.prvAddCurrentTaskToDelayedList
                0x00000a40       0x6a tasks.o
 .text.xTaskGenericCreate
                0x00000aaa      0x1fa tasks.o
                0x00000aaa                xTaskGenericCreate
 .text.vTaskStartScheduler
                0x00000ca4       0x52 tasks.o
                0x00000ca4                vTaskStartScheduler
 .text.vTaskSuspendAll
                0x00000cf6        0xc tasks.o
                0x00000cf6                vTaskSuspendAll
 .text.vTaskIncrementTick
                0x00000d02      0x182 tasks.o
                0x00000d02                vTaskIncrementTick
 .text.xTaskResumeAll
                0x00000e84      0x112 tasks.o
                0x00000e84                xTaskResumeAll
 .text.prvIdleTask
                0x00000f96       0x74 tasks.o
 .text.vTaskDelay
                0x0000100a       0x36 tasks.o
                0x0000100a                vTaskDelay
 .text.vTaskSwitchContext
                0x00001040       0xba tasks.o
                0x00001040                vTaskSwitchContext
 .text.avr-libc
                0x000010fa        0xe c:/program files (x86)/atmel/atmel toolchain/avr8 gcc/native/3.4.2.1002/avr8-gnu-toolchain/bin/../lib/gcc/avr/4.7.2/../../../../avr/lib/avr51\libc.a(memset.o)
                0x000010fa                memset
 .text.avr-libc
                0x00001108       0x1e c:/program files (x86)/atmel/atmel toolchain/avr8 gcc/native/3.4.2.1002/avr8-gnu-toolchain/bin/../lib/gcc/avr/4.7.2/../../../../avr/lib/avr51\libc.a(strncpy.o)
                0x00001108                strncpy
                0x00001126                . = ALIGN (0x2)
 *(.fini9)
 .fini9         0x00001126        0x0 c:/program files (x86)/atmel/atmel toolchain/avr8 gcc/native/3.4.2.1002/avr8-gnu-toolchain/bin/../lib/gcc/avr/4.7.2/avr51\libgcc.a(_exit.o)
                0x00001126                _exit
                0x00001126                exit
 *(.fini9)
 *(.fini8)
 *(.fini8)
 *(.fini7)
 *(.fini7)
 *(.fini6)
 *(.fini6)
 *(.fini5)
 *(.fini5)
 *(.fini4)
 *(.fini4)
 *(.fini3)
 *(.fini3)
 *(.fini2)
 *(.fini2)
 *(.fini1)
 *(.fini1)
 *(.fini0)
 .fini0         0x00001126        0x4 c:/program files (x86)/atmel/atmel toolchain/avr8 gcc/native/3.4.2.1002/avr8-gnu-toolchain/bin/../lib/gcc/avr/4.7.2/avr51\libgcc.a(_exit.o)
 *(.fini0)
                0x0000112a                _etext = .

.data           0x00800100       0x96 load address 0x0000112a
                0x00800100                PROVIDE (__data_start, .)
 *(.data)
 .data          0x00800100        0x0 c:/program files (x86)/atmel/atmel toolchain/avr8 gcc/native/3.4.2.1002/avr8-gnu-toolchain/bin/../lib/gcc/avr/4.7.2/../../../../avr/lib/avr51/crtm1284.o
 .data          0x00800100        0x0 croutine.o
 .data          0x00800100        0x0 CS122A_Final_Project_P2.o
 .data          0x00800100        0x0 heap_1.o
 .data          0x00800100        0x0 io.o
 .data          0x00800100        0x0 list.o
 .data          0x00800100        0x0 port.o
 .data          0x00800100        0x0 queue.o
 .data          0x00800100        0x0 tasks.o
 .data          0x00800100        0x0 timers.o
 .data          0x00800100        0x0 c:/program files (x86)/atmel/atmel toolchain/avr8 gcc/native/3.4.2.1002/avr8-gnu-toolchain/bin/../lib/gcc/avr/4.7.2/avr51\libgcc.a(_exit.o)
 .data          0x00800100        0x0 c:/program files (x86)/atmel/atmel toolchain/avr8 gcc/native/3.4.2.1002/avr8-gnu-toolchain/bin/../lib/gcc/avr/4.7.2/avr51\libgcc.a(_copy_data.o)
 .data          0x00800100        0x0 c:/program files (x86)/atmel/atmel toolchain/avr8 gcc/native/3.4.2.1002/avr8-gnu-toolchain/bin/../lib/gcc/avr/4.7.2/avr51\libgcc.a(_clear_bss.o)
 .data          0x00800100        0x0 c:/program files (x86)/atmel/atmel toolchain/avr8 gcc/native/3.4.2.1002/avr8-gnu-toolchain/bin/../lib/gcc/avr/4.7.2/../../../../avr/lib/avr51\libc.a(memcpy.o)
 .data          0x00800100        0x0 c:/program files (x86)/atmel/atmel toolchain/avr8 gcc/native/3.4.2.1002/avr8-gnu-toolchain/bin/../lib/gcc/avr/4.7.2/../../../../avr/lib/avr51\libc.a(memset.o)
 .data          0x00800100        0x0 c:/program files (x86)/atmel/atmel toolchain/avr8 gcc/native/3.4.2.1002/avr8-gnu-toolchain/bin/../lib/gcc/avr/4.7.2/../../../../avr/lib/avr51\libc.a(strncpy.o)
 *(.data*)
 .data.customPointer
                0x00800100        0x8 CS122A_Final_Project_P2.o
                0x00800100                customPointer
 .data.xNextTaskUnblockTime
                0x00800108        0x2 tasks.o
 *(.rodata)
 *(.rodata*)
 .rodata.str1.1
                0x0080010a       0x87 CS122A_Final_Project_P2.o
 .rodata.str1.1
                0x00800191        0x5 tasks.o
 *(.gnu.linkonce.d*)
                0x00800196                . = ALIGN (0x2)
                0x00800196                _edata = .
                0x00800196                PROVIDE (__data_end, .)

.bss            0x00800196      0x640
                0x00800196                PROVIDE (__bss_start, .)
 *(.bss)
 *(.bss*)
 .bss.main_menu
                0x00800196        0x2 CS122A_Final_Project_P2.o
                0x00800196                main_menu
 .bss.mode      0x00800198        0x2 CS122A_Final_Project_P2.o
                0x00800198                mode
 .bss.xNextFreeByte
                0x0080019a        0x2 heap_1.o
 .bss.xHeap     0x0080019c      0x5dc heap_1.o
 .bss.xNumOfOverflows
                0x00800778        0x1 tasks.o
 .bss.xMissedYield
                0x00800779        0x1 tasks.o
 .bss.uxMissedTicks
                0x0080077a        0x1 tasks.o
 .bss.uxSchedulerSuspended
                0x0080077b        0x1 tasks.o
 .bss.xSchedulerRunning
                0x0080077c        0x1 tasks.o
 .bss.uxTopReadyPriority
                0x0080077d        0x1 tasks.o
 .bss.xTickCount
                0x0080077e        0x2 tasks.o
 .bss.uxCurrentNumberOfTasks
                0x00800780        0x1 tasks.o
 .bss.uxTasksDeleted
                0x00800781        0x1 tasks.o
 .bss.pxOverflowDelayedTaskList
                0x00800782        0x2 tasks.o
 .bss.pxDelayedTaskList
                0x00800784        0x2 tasks.o
 .bss.pxCurrentTCB
                0x00800786        0x2 tasks.o
                0x00800786                pxCurrentTCB
 .bss.uxTopUsedPriority
                0x00800788        0x1 tasks.o
 .bss.uxTaskNumber
                0x00800789        0x1 tasks.o
 .bss.pxReadyTasksLists
                0x0080078a       0x24 tasks.o
 .bss.xDelayedTaskList1
                0x008007ae        0x9 tasks.o
 .bss.xDelayedTaskList2
                0x008007b7        0x9 tasks.o
 .bss.xPendingReadyList
                0x008007c0        0x9 tasks.o
 .bss.xTasksWaitingTermination
                0x008007c9        0x9 tasks.o
 *(COMMON)
 COMMON         0x008007d2        0x4 CS122A_Final_Project_P2.o
                0x008007d2                LCD_state
                0x008007d3                data
                0x008007d4                man_state
                0x008007d5                auto_state
                0x008007d6                PROVIDE (__bss_end, .)
                0x0000112a                __data_load_start = LOADADDR (.data)
                0x000011c0                __data_load_end = (__data_load_start + SIZEOF (.data))

.noinit         0x008007d6        0x0
                0x008007d6                PROVIDE (__noinit_start, .)
 *(.noinit*)
                0x008007d6                PROVIDE (__noinit_end, .)
                0x008007d6                _end = .
                0x008007d6                PROVIDE (__heap_start, .)

.eeprom         0x00810000        0x0
 *(.eeprom*)
                0x00810000                __eeprom_end = .

.fuse
 *(.fuse)
 *(.lfuse)
 *(.hfuse)
 *(.efuse)

.lock
 *(.lock*)

.signature
 *(.signature*)

.user_signatures
 *(.user_signatures*)

.stab           0x00000000      0x888
 *(.stab)
 .stab          0x00000000      0x6cc c:/program files (x86)/atmel/atmel toolchain/avr8 gcc/native/3.4.2.1002/avr8-gnu-toolchain/bin/../lib/gcc/avr/4.7.2/../../../../avr/lib/avr51/crtm1284.o
 .stab          0x000006cc       0x84 c:/program files (x86)/atmel/atmel toolchain/avr8 gcc/native/3.4.2.1002/avr8-gnu-toolchain/bin/../lib/gcc/avr/4.7.2/../../../../avr/lib/avr51\libc.a(memcpy.o)
                                 0x90 (size before relaxing)
 .stab          0x00000750       0x6c c:/program files (x86)/atmel/atmel toolchain/avr8 gcc/native/3.4.2.1002/avr8-gnu-toolchain/bin/../lib/gcc/avr/4.7.2/../../../../avr/lib/avr51\libc.a(memset.o)
                                 0x78 (size before relaxing)
 .stab          0x000007bc       0xcc c:/program files (x86)/atmel/atmel toolchain/avr8 gcc/native/3.4.2.1002/avr8-gnu-toolchain/bin/../lib/gcc/avr/4.7.2/../../../../avr/lib/avr51\libc.a(strncpy.o)
                                 0xd8 (size before relaxing)

.stabstr        0x00000000      0x1f4
 *(.stabstr)
 .stabstr       0x00000000      0x1f4 c:/program files (x86)/atmel/atmel toolchain/avr8 gcc/native/3.4.2.1002/avr8-gnu-toolchain/bin/../lib/gcc/avr/4.7.2/../../../../avr/lib/avr51/crtm1284.o

.stab.excl
 *(.stab.excl)

.stab.exclstr
 *(.stab.exclstr)

.stab.index
 *(.stab.index)

.stab.indexstr
 *(.stab.indexstr)

.comment        0x00000000       0x2f
 *(.comment)
 .comment       0x00000000       0x2f croutine.o
                                 0x30 (size before relaxing)
 .comment       0x00000000       0x30 CS122A_Final_Project_P2.o
 .comment       0x00000000       0x30 heap_1.o
 .comment       0x00000000       0x30 io.o
 .comment       0x00000000       0x30 list.o
 .comment       0x00000000       0x30 port.o
 .comment       0x00000000       0x30 queue.o
 .comment       0x00000000       0x30 tasks.o
 .comment       0x00000000       0x30 timers.o

.debug
 *(.debug)

.line
 *(.line)

.debug_srcinfo
 *(.debug_srcinfo)

.debug_sfnames
 *(.debug_sfnames)

.debug_aranges  0x00000000      0x380
 *(.debug_aranges)
 .debug_aranges
                0x00000000       0x38 croutine.o
 .debug_aranges
                0x00000038       0xb0 CS122A_Final_Project_P2.o
 .debug_aranges
                0x000000e8       0x38 heap_1.o
 .debug_aranges
                0x00000120       0x58 io.o
 .debug_aranges
                0x00000178       0x40 list.o
 .debug_aranges
                0x000001b8       0x48 port.o
 .debug_aranges
                0x00000200       0xb0 queue.o
 .debug_aranges
                0x000002b0       0xb8 tasks.o
 .debug_aranges
                0x00000368       0x18 timers.o

.debug_pubnames
 *(.debug_pubnames)

.debug_info     0x00000000     0x40e3
 *(.debug_info)
 .debug_info    0x00000000      0x7be croutine.o
 .debug_info    0x000007be      0xd89 CS122A_Final_Project_P2.o
 .debug_info    0x00001547      0x1a5 heap_1.o
 .debug_info    0x000016ec      0x327 io.o
 .debug_info    0x00001a13      0x2c1 list.o
 .debug_info    0x00001cd4      0x238 port.o
 .debug_info    0x00001f0c      0xfd7 queue.o
 .debug_info    0x00002ee3     0x1195 tasks.o
 .debug_info    0x00004078       0x6b timers.o
 *(.gnu.linkonce.wi.*)

.debug_abbrev   0x00000000      0xee3
 *(.debug_abbrev)
 .debug_abbrev  0x00000000      0x250 croutine.o
 .debug_abbrev  0x00000250      0x294 CS122A_Final_Project_P2.o
 .debug_abbrev  0x000004e4      0x148 heap_1.o
 .debug_abbrev  0x0000062c       0xe8 io.o
 .debug_abbrev  0x00000714       0xf6 list.o
 .debug_abbrev  0x0000080a      0x154 port.o
 .debug_abbrev  0x0000095e      0x24c queue.o
 .debug_abbrev  0x00000baa      0x313 tasks.o
 .debug_abbrev  0x00000ebd       0x26 timers.o

.debug_line     0x00000000     0x261b
 *(.debug_line)
 .debug_line    0x00000000      0x3b4 croutine.o
 .debug_line    0x000003b4      0x73a CS122A_Final_Project_P2.o
 .debug_line    0x00000aee      0x183 heap_1.o
 .debug_line    0x00000c71      0x240 io.o
 .debug_line    0x00000eb1      0x1ec list.o
 .debug_line    0x0000109d      0x347 port.o
 .debug_line    0x000013e4      0x8d6 queue.o
 .debug_line    0x00001cba      0x947 tasks.o
 .debug_line    0x00002601       0x1a timers.o

.debug_frame    0x00000000      0x994
 *(.debug_frame)
 .debug_frame   0x00000000       0xc8 croutine.o
 .debug_frame   0x000000c8      0x1b0 CS122A_Final_Project_P2.o
 .debug_frame   0x00000278       0x60 heap_1.o
 .debug_frame   0x000002d8       0xb8 io.o
 .debug_frame   0x00000390       0x7c list.o
 .debug_frame   0x0000040c       0x74 port.o
 .debug_frame   0x00000480      0x298 queue.o
 .debug_frame   0x00000718      0x27c tasks.o

.debug_str      0x00000000     0x114b
 *(.debug_str)
 .debug_str     0x00000000      0x46a croutine.o
                                0x4b1 (size before relaxing)
 .debug_str     0x0000046a      0x305 CS122A_Final_Project_P2.o
                                0x412 (size before relaxing)
 .debug_str     0x0000076f       0xa5 heap_1.o
                                0x1ab (size before relaxing)
 .debug_str     0x00000814       0x43 io.o
                                0x17c (size before relaxing)
 .debug_str     0x00000857       0x54 list.o
                                0x213 (size before relaxing)
 .debug_str     0x000008ab       0xfe port.o
                                0x211 (size before relaxing)
 .debug_str     0x000009a9      0x3fc queue.o
                                0x645 (size before relaxing)
 .debug_str     0x00000da5      0x398 tasks.o
                                0x80b (size before relaxing)
 .debug_str     0x0000113d        0xe timers.o
                                0x100 (size before relaxing)

.debug_loc      0x00000000     0x2e64
 *(.debug_loc)
 .debug_loc     0x00000000      0x400 croutine.o
 .debug_loc     0x00000400      0x4cc CS122A_Final_Project_P2.o
 .debug_loc     0x000008cc       0xe1 heap_1.o
 .debug_loc     0x000009ad      0x263 io.o
 .debug_loc     0x00000c10      0x10e list.o
 .debug_loc     0x00000d1e      0x4dc port.o
 .debug_loc     0x000011fa     0x1006 queue.o
 .debug_loc     0x00002200      0xc64 tasks.o

.debug_macinfo
 *(.debug_macinfo)

.debug_pubtypes
 *(.debug_pubtypes)

.debug_ranges   0x00000000      0x3b0
 *(.debug_ranges)
 .debug_ranges  0x00000000       0x40 croutine.o
 .debug_ranges  0x00000040       0xa0 CS122A_Final_Project_P2.o
 .debug_ranges  0x000000e0       0x28 heap_1.o
 .debug_ranges  0x00000108       0x48 io.o
 .debug_ranges  0x00000150       0x30 list.o
 .debug_ranges  0x00000180       0x38 port.o
 .debug_ranges  0x000001b8       0xa0 queue.o
 .debug_ranges  0x00000258      0x158 tasks.o

.debug_macro
 *(.debug_macro)
OUTPUT(CS122A_Final_Project_P2.elf elf32-avr)
LOAD linker stubs
